Component: ARM Compiler 6.16 Tool: armlink [5dfeaa00]

==============================================================================

Section Cross References

    main.o(.text.main) refers to main.o(.text.__NVIC_ClearPendingIRQ) for __NVIC_ClearPendingIRQ
    main.o(.text.main) refers to main.o(.text.__NVIC_SetPriority) for __NVIC_SetPriority
    main.o(.text.main) refers to main.o(.text.__NVIC_EnableIRQ) for __NVIC_EnableIRQ
    main.o(.ARM.exidx.text.main) refers to main.o(.text.main) for [Anonymous Symbol]
    main.o(.ARM.exidx.text.__NVIC_ClearPendingIRQ) refers to main.o(.text.__NVIC_ClearPendingIRQ) for [Anonymous Symbol]
    main.o(.ARM.exidx.text.__NVIC_SetPriority) refers to main.o(.text.__NVIC_SetPriority) for [Anonymous Symbol]
    main.o(.ARM.exidx.text.__NVIC_EnableIRQ) refers to main.o(.text.__NVIC_EnableIRQ) for [Anonymous Symbol]
    main.o(.ARM.exidx.text.PORT1_IRQHandler) refers to main.o(.text.PORT1_IRQHandler) for [Anonymous Symbol]
    main.o(.ARM.exidx.text.T32_INT1_IRQHandler) refers to main.o(.text.T32_INT1_IRQHandler) for [Anonymous Symbol]
    main.o(.text.TA0_N_IRQHandler) refers to main.o(.bss.TA0_N_IRQHandler.counter) for TA0_N_IRQHandler.counter
    main.o(.ARM.exidx.text.TA0_N_IRQHandler) refers to main.o(.text.TA0_N_IRQHandler) for [Anonymous Symbol]
    startup_msp432p4111_uvision.o(STACK) refers (Special) to heapauxi.o(.text) for __use_two_region_memory
    startup_msp432p4111_uvision.o(HEAP) refers (Special) to heapauxi.o(.text) for __use_two_region_memory
    startup_msp432p4111_uvision.o(RESET) refers (Special) to heapauxi.o(.text) for __use_two_region_memory
    startup_msp432p4111_uvision.o(RESET) refers to startup_msp432p4111_uvision.o(STACK) for __initial_sp
    startup_msp432p4111_uvision.o(RESET) refers to startup_msp432p4111_uvision.o(.text) for Reset_Handler
    startup_msp432p4111_uvision.o(RESET) refers to main.o(.text.TA0_N_IRQHandler) for TA0_N_IRQHandler
    startup_msp432p4111_uvision.o(RESET) refers to main.o(.text.T32_INT1_IRQHandler) for T32_INT1_IRQHandler
    startup_msp432p4111_uvision.o(RESET) refers to main.o(.text.PORT1_IRQHandler) for PORT1_IRQHandler
    startup_msp432p4111_uvision.o(.text) refers (Special) to heapauxi.o(.text) for __use_two_region_memory
    startup_msp432p4111_uvision.o(.text) refers to system_msp432p4111.o(.text.SystemInit) for SystemInit
    startup_msp432p4111_uvision.o(.text) refers to __main.o(!!!main) for __main
    startup_msp432p4111_uvision.o(.text) refers to startup_msp432p4111_uvision.o(HEAP) for Heap_Mem
    startup_msp432p4111_uvision.o(.text) refers to startup_msp432p4111_uvision.o(STACK) for Stack_Mem
    system_msp432p4111.o(.text.SystemCoreClockUpdate) refers to system_msp432p4111.o(.data.SystemCoreClock) for SystemCoreClock
    system_msp432p4111.o(.ARM.exidx.text.SystemCoreClockUpdate) refers to system_msp432p4111.o(.text.SystemCoreClockUpdate) for [Anonymous Symbol]
    system_msp432p4111.o(.ARM.exidx.text.SystemInit) refers to system_msp432p4111.o(.text.SystemInit) for [Anonymous Symbol]
    __main.o(!!!main) refers to __rtentry.o(.ARM.Collect$$rtentry$$00000000) for __rt_entry
    __rtentry.o(.ARM.Collect$$rtentry$$00000000) refers (Special) to __rtentry2.o(.ARM.Collect$$rtentry$$0000000A) for __rt_entry_li
    __rtentry.o(.ARM.Collect$$rtentry$$00000000) refers (Special) to __rtentry2.o(.ARM.Collect$$rtentry$$0000000D) for __rt_entry_main
    __rtentry.o(.ARM.Collect$$rtentry$$00000000) refers (Special) to __rtentry2.o(.ARM.Collect$$rtentry$$0000000C) for __rt_entry_postli_1
    __rtentry.o(.ARM.Collect$$rtentry$$00000000) refers (Special) to __rtentry2.o(.ARM.Collect$$rtentry$$00000009) for __rt_entry_postsh_1
    __rtentry.o(.ARM.Collect$$rtentry$$00000000) refers (Special) to __rtentry2.o(.ARM.Collect$$rtentry$$00000002) for __rt_entry_presh_1
    __rtentry.o(.ARM.Collect$$rtentry$$00000000) refers (Special) to __rtentry4.o(.ARM.Collect$$rtentry$$00000004) for __rt_entry_sh
    __rtentry2.o(.ARM.Collect$$rtentry$$00000008) refers to boardinit2.o(.text) for _platform_post_stackheap_init
    __rtentry2.o(.ARM.Collect$$rtentry$$0000000A) refers to libinit.o(.ARM.Collect$$libinit$$00000000) for __rt_lib_init
    __rtentry2.o(.ARM.Collect$$rtentry$$0000000B) refers to boardinit3.o(.text) for _platform_post_lib_init
    __rtentry2.o(.ARM.Collect$$rtentry$$0000000D) refers to main.o(.text.main) for main
    __rtentry2.o(.ARM.Collect$$rtentry$$0000000D) refers to exit.o(.text) for exit
    __rtentry2.o(.ARM.exidx) refers to __rtentry2.o(.ARM.Collect$$rtentry$$00000001) for .ARM.Collect$$rtentry$$00000001
    __rtentry2.o(.ARM.exidx) refers to __rtentry2.o(.ARM.Collect$$rtentry$$00000008) for .ARM.Collect$$rtentry$$00000008
    __rtentry2.o(.ARM.exidx) refers to __rtentry2.o(.ARM.Collect$$rtentry$$0000000A) for .ARM.Collect$$rtentry$$0000000A
    __rtentry2.o(.ARM.exidx) refers to __rtentry2.o(.ARM.Collect$$rtentry$$0000000B) for .ARM.Collect$$rtentry$$0000000B
    __rtentry2.o(.ARM.exidx) refers to __rtentry2.o(.ARM.Collect$$rtentry$$0000000D) for .ARM.Collect$$rtentry$$0000000D
    __rtentry4.o(.ARM.Collect$$rtentry$$00000004) refers to sys_stackheap_outer.o(.text) for __user_setup_stackheap
    __rtentry4.o(.ARM.exidx) refers to __rtentry4.o(.ARM.Collect$$rtentry$$00000004) for .ARM.Collect$$rtentry$$00000004
    sys_stackheap_outer.o(.text) refers to libspace.o(.text) for __user_perproc_libspace
    sys_stackheap_outer.o(.text) refers to startup_msp432p4111_uvision.o(.text) for __user_initial_stackheap
    exit.o(.text) refers to rtexit.o(.ARM.Collect$$rtexit$$00000000) for __rt_exit
    libinit.o(.ARM.Collect$$libinit$$00000000) refers (Special) to libinit2.o(.ARM.Collect$$libinit$$0000002E) for __rt_lib_init_alloca_1
    libinit.o(.ARM.Collect$$libinit$$00000000) refers (Special) to libinit2.o(.ARM.Collect$$libinit$$0000002C) for __rt_lib_init_argv_1
    libinit.o(.ARM.Collect$$libinit$$00000000) refers (Special) to libinit2.o(.ARM.Collect$$libinit$$0000001B) for __rt_lib_init_atexit_1
    libinit.o(.ARM.Collect$$libinit$$00000000) refers (Special) to libinit2.o(.ARM.Collect$$libinit$$00000021) for __rt_lib_init_clock_1
    libinit.o(.ARM.Collect$$libinit$$00000000) refers (Special) to libinit2.o(.ARM.Collect$$libinit$$00000032) for __rt_lib_init_cpp_1
    libinit.o(.ARM.Collect$$libinit$$00000000) refers (Special) to libinit2.o(.ARM.Collect$$libinit$$00000030) for __rt_lib_init_exceptions_1
    libinit.o(.ARM.Collect$$libinit$$00000000) refers (Special) to libinit2.o(.ARM.Collect$$libinit$$00000001) for __rt_lib_init_fp_1
    libinit.o(.ARM.Collect$$libinit$$00000000) refers (Special) to libinit2.o(.ARM.Collect$$libinit$$0000001F) for __rt_lib_init_fp_trap_1
    libinit.o(.ARM.Collect$$libinit$$00000000) refers (Special) to libinit2.o(.ARM.Collect$$libinit$$00000023) for __rt_lib_init_getenv_1
    libinit.o(.ARM.Collect$$libinit$$00000000) refers (Special) to libinit2.o(.ARM.Collect$$libinit$$0000000A) for __rt_lib_init_heap_1
    libinit.o(.ARM.Collect$$libinit$$00000000) refers (Special) to libinit2.o(.ARM.Collect$$libinit$$00000011) for __rt_lib_init_lc_collate_1
    libinit.o(.ARM.Collect$$libinit$$00000000) refers (Special) to libinit2.o(.ARM.Collect$$libinit$$00000013) for __rt_lib_init_lc_ctype_1
    libinit.o(.ARM.Collect$$libinit$$00000000) refers (Special) to libinit2.o(.ARM.Collect$$libinit$$00000015) for __rt_lib_init_lc_monetary_1
    libinit.o(.ARM.Collect$$libinit$$00000000) refers (Special) to libinit2.o(.ARM.Collect$$libinit$$00000017) for __rt_lib_init_lc_numeric_1
    libinit.o(.ARM.Collect$$libinit$$00000000) refers (Special) to libinit2.o(.ARM.Collect$$libinit$$00000019) for __rt_lib_init_lc_time_1
    libinit.o(.ARM.Collect$$libinit$$00000000) refers (Special) to libinit2.o(.ARM.Collect$$libinit$$00000004) for __rt_lib_init_preinit_1
    libinit.o(.ARM.Collect$$libinit$$00000000) refers (Special) to libinit2.o(.ARM.Collect$$libinit$$0000000E) for __rt_lib_init_rand_1
    libinit.o(.ARM.Collect$$libinit$$00000000) refers (Special) to libinit2.o(.ARM.Collect$$libinit$$00000033) for __rt_lib_init_return
    libinit.o(.ARM.Collect$$libinit$$00000000) refers (Special) to libinit2.o(.ARM.Collect$$libinit$$0000001D) for __rt_lib_init_signal_1
    libinit.o(.ARM.Collect$$libinit$$00000000) refers (Special) to libinit2.o(.ARM.Collect$$libinit$$00000025) for __rt_lib_init_stdio_1
    libinit.o(.ARM.Collect$$libinit$$00000000) refers (Special) to libinit2.o(.ARM.Collect$$libinit$$0000000C) for __rt_lib_init_user_alloc_1
    libspace.o(.text) refers to libspace.o(.bss) for __libspace_start
    rtexit.o(.ARM.Collect$$rtexit$$00000000) refers (Special) to rtexit2.o(.ARM.Collect$$rtexit$$00000004) for __rt_exit_exit
    rtexit.o(.ARM.Collect$$rtexit$$00000000) refers (Special) to rtexit2.o(.ARM.Collect$$rtexit$$00000003) for __rt_exit_ls
    rtexit.o(.ARM.Collect$$rtexit$$00000000) refers (Special) to rtexit2.o(.ARM.Collect$$rtexit$$00000002) for __rt_exit_prels_1
    rtexit.o(.ARM.exidx) refers (Special) to rtexit2.o(.ARM.Collect$$rtexit$$00000004) for __rt_exit_exit
    rtexit.o(.ARM.exidx) refers (Special) to rtexit2.o(.ARM.Collect$$rtexit$$00000003) for __rt_exit_ls
    rtexit.o(.ARM.exidx) refers (Special) to rtexit2.o(.ARM.Collect$$rtexit$$00000002) for __rt_exit_prels_1
    rtexit.o(.ARM.exidx) refers to rtexit.o(.ARM.Collect$$rtexit$$00000000) for .ARM.Collect$$rtexit$$00000000
    libinit2.o(.ARM.Collect$$libinit$$00000001) refers to fpinit.o(x$fpl$fpinit) for _fp_init
    libinit2.o(.ARM.Collect$$libinit$$00000010) refers to libinit2.o(.ARM.Collect$$libinit$$0000000F) for .ARM.Collect$$libinit$$0000000F
    libinit2.o(.ARM.Collect$$libinit$$00000012) refers to libinit2.o(.ARM.Collect$$libinit$$0000000F) for .ARM.Collect$$libinit$$0000000F
    libinit2.o(.ARM.Collect$$libinit$$00000014) refers to libinit2.o(.ARM.Collect$$libinit$$0000000F) for .ARM.Collect$$libinit$$0000000F
    libinit2.o(.ARM.Collect$$libinit$$00000016) refers to libinit2.o(.ARM.Collect$$libinit$$0000000F) for .ARM.Collect$$libinit$$0000000F
    libinit2.o(.ARM.Collect$$libinit$$00000018) refers to libinit2.o(.ARM.Collect$$libinit$$0000000F) for .ARM.Collect$$libinit$$0000000F
    libinit2.o(.ARM.Collect$$libinit$$00000026) refers to argv_veneer.o(.emb_text) for __ARM_argv_veneer
    libinit2.o(.ARM.Collect$$libinit$$00000027) refers to argv_veneer.o(.emb_text) for __ARM_argv_veneer
    rtexit2.o(.ARM.Collect$$rtexit$$00000003) refers to libshutdown.o(.ARM.Collect$$libshutdown$$00000000) for __rt_lib_shutdown
    rtexit2.o(.ARM.Collect$$rtexit$$00000004) refers to sys_exit.o(.text) for _sys_exit
    rtexit2.o(.ARM.exidx) refers to rtexit2.o(.ARM.Collect$$rtexit$$00000001) for .ARM.Collect$$rtexit$$00000001
    rtexit2.o(.ARM.exidx) refers to rtexit2.o(.ARM.Collect$$rtexit$$00000003) for .ARM.Collect$$rtexit$$00000003
    rtexit2.o(.ARM.exidx) refers to rtexit2.o(.ARM.Collect$$rtexit$$00000004) for .ARM.Collect$$rtexit$$00000004
    argv_veneer.o(.emb_text) refers to no_argv.o(.text) for __ARM_get_argv
    sys_exit.o(.text) refers (Special) to use_no_semi.o(.text) for __I$use$semihosting
    sys_exit.o(.text) refers (Special) to indicate_semi.o(.text) for __semihosting_library_function
    sys_exit_hlt.o(.text) refers (Special) to use_no_semi.o(.text) for __I$use$semihosting
    sys_exit_hlt.o(.text) refers (Special) to indicate_semi.o(.text) for __semihosting_library_function
    _get_argv_nomalloc.o(.text) refers (Special) to hrguard.o(.text) for __heap_region$guard
    _get_argv_nomalloc.o(.text) refers to defsig_rtmem_outer.o(.text) for __rt_SIGRTMEM
    _get_argv_nomalloc.o(.text) refers to sys_command.o(.text) for _sys_command_string
    libshutdown.o(.ARM.Collect$$libshutdown$$00000000) refers (Special) to libshutdown2.o(.ARM.Collect$$libshutdown$$00000002) for __rt_lib_shutdown_cpp_1
    libshutdown.o(.ARM.Collect$$libshutdown$$00000000) refers (Special) to libshutdown2.o(.ARM.Collect$$libshutdown$$00000007) for __rt_lib_shutdown_fp_trap_1
    libshutdown.o(.ARM.Collect$$libshutdown$$00000000) refers (Special) to libshutdown2.o(.ARM.Collect$$libshutdown$$0000000F) for __rt_lib_shutdown_heap_1
    libshutdown.o(.ARM.Collect$$libshutdown$$00000000) refers (Special) to libshutdown2.o(.ARM.Collect$$libshutdown$$00000010) for __rt_lib_shutdown_return
    libshutdown.o(.ARM.Collect$$libshutdown$$00000000) refers (Special) to libshutdown2.o(.ARM.Collect$$libshutdown$$0000000A) for __rt_lib_shutdown_signal_1
    libshutdown.o(.ARM.Collect$$libshutdown$$00000000) refers (Special) to libshutdown2.o(.ARM.Collect$$libshutdown$$00000004) for __rt_lib_shutdown_stdio_1
    libshutdown.o(.ARM.Collect$$libshutdown$$00000000) refers (Special) to libshutdown2.o(.ARM.Collect$$libshutdown$$0000000C) for __rt_lib_shutdown_user_alloc_1
    sys_command.o(.text) refers (Special) to use_no_semi.o(.text) for __I$use$semihosting
    sys_command.o(.text) refers (Special) to indicate_semi.o(.text) for __semihosting_library_function
    sys_command_hlt.o(.text) refers (Special) to use_no_semi.o(.text) for __I$use$semihosting
    sys_command_hlt.o(.text) refers (Special) to indicate_semi.o(.text) for __semihosting_library_function
    defsig_rtmem_outer.o(.text) refers to defsig_rtmem_inner.o(.text) for __rt_SIGRTMEM_inner
    defsig_rtmem_outer.o(.text) refers to defsig_exit.o(.text) for __sig_exit
    defsig_rtmem_formal.o(.text) refers to rt_raise.o(.text) for __rt_raise
    rt_raise.o(.text) refers to __raise.o(.text) for __raise
    rt_raise.o(.text) refers to sys_exit.o(.text) for _sys_exit
    defsig_exit.o(.text) refers to sys_exit.o(.text) for _sys_exit
    defsig_rtmem_inner.o(.text) refers to defsig_general.o(.text) for __default_signal_display
    __raise.o(.text) refers to defsig.o(CL$$defsig) for __default_signal_handler
    defsig_general.o(.text) refers to sys_wrch.o(.text) for _ttywrch
    sys_wrch.o(.text) refers (Special) to use_no_semi.o(.text) for __I$use$semihosting
    sys_wrch.o(.text) refers (Special) to indicate_semi.o(.text) for __semihosting_library_function
    sys_wrch_hlt.o(.text) refers (Special) to use_no_semi.o(.text) for __I$use$semihosting
    sys_wrch_hlt.o(.text) refers (Special) to indicate_semi.o(.text) for __semihosting_library_function
    defsig.o(CL$$defsig) refers to defsig_rtmem_inner.o(.text) for __rt_SIGRTMEM_inner
    defsig_abrt_inner.o(.text) refers to defsig_general.o(.text) for __default_signal_display
    defsig_fpe_inner.o(.text) refers to defsig_general.o(.text) for __default_signal_display
    defsig_rtred_inner.o(.text) refers to defsig_general.o(.text) for __default_signal_display
    defsig_stak_inner.o(.text) refers to defsig_general.o(.text) for __default_signal_display
    defsig_pvfn_inner.o(.text) refers to defsig_general.o(.text) for __default_signal_display
    defsig_cppl_inner.o(.text) refers to defsig_general.o(.text) for __default_signal_display
    defsig_segv_inner.o(.text) refers to defsig_general.o(.text) for __default_signal_display
    defsig_other.o(.text) refers to defsig_general.o(.text) for __default_signal_display


==============================================================================

Removing Unused input sections from the image.

    Removing main.o(.text), (0 bytes).
    Removing main.o(.ARM.exidx.text.main), (8 bytes).
    Removing main.o(.ARM.exidx.text.__NVIC_ClearPendingIRQ), (8 bytes).
    Removing main.o(.ARM.exidx.text.__NVIC_SetPriority), (8 bytes).
    Removing main.o(.ARM.exidx.text.__NVIC_EnableIRQ), (8 bytes).
    Removing main.o(.ARM.exidx.text.PORT1_IRQHandler), (8 bytes).
    Removing main.o(.ARM.exidx.text.T32_INT1_IRQHandler), (8 bytes).
    Removing main.o(.ARM.exidx.text.TA0_N_IRQHandler), (8 bytes).
    Removing main.o(.ARM.use_no_argv), (4 bytes).
    Removing system_msp432p4111.o(.text), (0 bytes).
    Removing system_msp432p4111.o(.text.SystemCoreClockUpdate), (364 bytes).
    Removing system_msp432p4111.o(.ARM.exidx.text.SystemCoreClockUpdate), (8 bytes).
    Removing system_msp432p4111.o(.ARM.exidx.text.SystemInit), (8 bytes).
    Removing system_msp432p4111.o(.data.SystemCoreClock), (4 bytes).

14 unused section(s) (total 444 bytes) removed from the image.

==============================================================================

Image Symbol Table

    Local Symbols

    Symbol Name                              Value     Ov Type        Size  Object(Section)

    ../clib/angel/boardlib.s                 0x00000000   Number         0  boardinit1.o ABSOLUTE
    ../clib/angel/boardlib.s                 0x00000000   Number         0  boardinit2.o ABSOLUTE
    ../clib/angel/boardlib.s                 0x00000000   Number         0  boardinit3.o ABSOLUTE
    ../clib/angel/boardlib.s                 0x00000000   Number         0  boardshut.o ABSOLUTE
    ../clib/angel/handlers.s                 0x00000000   Number         0  __scatter_zi.o ABSOLUTE
    ../clib/angel/kernel.s                   0x00000000   Number         0  __rtentry.o ABSOLUTE
    ../clib/angel/kernel.s                   0x00000000   Number         0  __rtentry2.o ABSOLUTE
    ../clib/angel/kernel.s                   0x00000000   Number         0  __rtentry4.o ABSOLUTE
    ../clib/angel/kernel.s                   0x00000000   Number         0  rtexit.o ABSOLUTE
    ../clib/angel/kernel.s                   0x00000000   Number         0  rtexit2.o ABSOLUTE
    ../clib/angel/rt.s                       0x00000000   Number         0  rt_raise.o ABSOLUTE
    ../clib/angel/scatter.s                  0x00000000   Number         0  __scatter.o ABSOLUTE
    ../clib/angel/startup.s                  0x00000000   Number         0  __main.o ABSOLUTE
    ../clib/angel/sys.s                      0x00000000   Number         0  sys_stackheap_outer.o ABSOLUTE
    ../clib/angel/sys.s                      0x00000000   Number         0  libspace.o ABSOLUTE
    ../clib/angel/sys.s                      0x00000000   Number         0  use_no_semi.o ABSOLUTE
    ../clib/angel/sys.s                      0x00000000   Number         0  indicate_semi.o ABSOLUTE
    ../clib/angel/sysapp.c                   0x00000000   Number         0  sys_exit.o ABSOLUTE
    ../clib/angel/sysapp.c                   0x00000000   Number         0  sys_exit_hlt.o ABSOLUTE
    ../clib/angel/sysapp.c                   0x00000000   Number         0  sys_command.o ABSOLUTE
    ../clib/angel/sysapp.c                   0x00000000   Number         0  sys_command_hlt.o ABSOLUTE
    ../clib/angel/sysapp.c                   0x00000000   Number         0  sys_wrch.o ABSOLUTE
    ../clib/angel/sysapp.c                   0x00000000   Number         0  sys_wrch_hlt.o ABSOLUTE
    ../clib/armsys.c                         0x00000000   Number         0  argv_veneer.o ABSOLUTE
    ../clib/armsys.c                         0x00000000   Number         0  argv_veneer.o ABSOLUTE
    ../clib/armsys.c                         0x00000000   Number         0  _get_argv_nomalloc.o ABSOLUTE
    ../clib/armsys.c                         0x00000000   Number         0  no_argv.o ABSOLUTE
    ../clib/heapalloc.c                      0x00000000   Number         0  hrguard.o ABSOLUTE
    ../clib/heapaux.c                        0x00000000   Number         0  heapauxi.o ABSOLUTE
    ../clib/libinit.s                        0x00000000   Number         0  libinit.o ABSOLUTE
    ../clib/libinit.s                        0x00000000   Number         0  libinit2.o ABSOLUTE
    ../clib/libinit.s                        0x00000000   Number         0  libshutdown.o ABSOLUTE
    ../clib/libinit.s                        0x00000000   Number         0  libshutdown2.o ABSOLUTE
    ../clib/signal.c                         0x00000000   Number         0  defsig_rtmem_outer.o ABSOLUTE
    ../clib/signal.c                         0x00000000   Number         0  defsig_rtmem_formal.o ABSOLUTE
    ../clib/signal.c                         0x00000000   Number         0  defsig_exit.o ABSOLUTE
    ../clib/signal.c                         0x00000000   Number         0  defsig_rtmem_inner.o ABSOLUTE
    ../clib/signal.c                         0x00000000   Number         0  __raise.o ABSOLUTE
    ../clib/signal.c                         0x00000000   Number         0  defsig_general.o ABSOLUTE
    ../clib/signal.c                         0x00000000   Number         0  defsig_abrt_inner.o ABSOLUTE
    ../clib/signal.c                         0x00000000   Number         0  defsig_fpe_inner.o ABSOLUTE
    ../clib/signal.c                         0x00000000   Number         0  defsig_rtred_inner.o ABSOLUTE
    ../clib/signal.c                         0x00000000   Number         0  defsig_stak_inner.o ABSOLUTE
    ../clib/signal.c                         0x00000000   Number         0  defsig_pvfn_inner.o ABSOLUTE
    ../clib/signal.c                         0x00000000   Number         0  defsig_cppl_inner.o ABSOLUTE
    ../clib/signal.c                         0x00000000   Number         0  defsig_segv_inner.o ABSOLUTE
    ../clib/signal.c                         0x00000000   Number         0  defsig_other.o ABSOLUTE
    ../clib/signal.s                         0x00000000   Number         0  defsig.o ABSOLUTE
    ../clib/stdlib.c                         0x00000000   Number         0  exit.o ABSOLUTE
    ../fplib/fpinit.s                        0x00000000   Number         0  fpinit.o ABSOLUTE
    RTE/Device/MSP432P4111/startup_msp432p4111_uvision.s 0x00000000   Number         0  startup_msp432p4111_uvision.o ABSOLUTE
    dc.s                                     0x00000000   Number         0  dc.o ABSOLUTE
    main.c                                   0x00000000   Number         0  main.o ABSOLUTE
    system_msp432p4111.c                     0x00000000   Number         0  system_msp432p4111.o ABSOLUTE
    RESET                                    0x00000000   Section      324  startup_msp432p4111_uvision.o(RESET)
    !!!main                                  0x00000144   Section        8  __main.o(!!!main)
    !!!scatter                               0x0000014c   Section       52  __scatter.o(!!!scatter)
    !!handler_zi                             0x00000180   Section       28  __scatter_zi.o(!!handler_zi)
    .ARM.Collect$$libinit$$00000000          0x0000019c   Section        2  libinit.o(.ARM.Collect$$libinit$$00000000)
    .ARM.Collect$$libinit$$00000001          0x0000019e   Section        4  libinit2.o(.ARM.Collect$$libinit$$00000001)
    .ARM.Collect$$libinit$$00000004          0x000001a2   Section        0  libinit2.o(.ARM.Collect$$libinit$$00000004)
    .ARM.Collect$$libinit$$0000000A          0x000001a2   Section        0  libinit2.o(.ARM.Collect$$libinit$$0000000A)
    .ARM.Collect$$libinit$$0000000C          0x000001a2   Section        0  libinit2.o(.ARM.Collect$$libinit$$0000000C)
    .ARM.Collect$$libinit$$0000000E          0x000001a2   Section        0  libinit2.o(.ARM.Collect$$libinit$$0000000E)
    .ARM.Collect$$libinit$$00000011          0x000001a2   Section        0  libinit2.o(.ARM.Collect$$libinit$$00000011)
    .ARM.Collect$$libinit$$00000013          0x000001a2   Section        0  libinit2.o(.ARM.Collect$$libinit$$00000013)
    .ARM.Collect$$libinit$$00000015          0x000001a2   Section        0  libinit2.o(.ARM.Collect$$libinit$$00000015)
    .ARM.Collect$$libinit$$00000017          0x000001a2   Section        0  libinit2.o(.ARM.Collect$$libinit$$00000017)
    .ARM.Collect$$libinit$$00000019          0x000001a2   Section        0  libinit2.o(.ARM.Collect$$libinit$$00000019)
    .ARM.Collect$$libinit$$0000001B          0x000001a2   Section        0  libinit2.o(.ARM.Collect$$libinit$$0000001B)
    .ARM.Collect$$libinit$$0000001D          0x000001a2   Section        0  libinit2.o(.ARM.Collect$$libinit$$0000001D)
    .ARM.Collect$$libinit$$0000001F          0x000001a2   Section        0  libinit2.o(.ARM.Collect$$libinit$$0000001F)
    .ARM.Collect$$libinit$$00000021          0x000001a2   Section        0  libinit2.o(.ARM.Collect$$libinit$$00000021)
    .ARM.Collect$$libinit$$00000023          0x000001a2   Section        0  libinit2.o(.ARM.Collect$$libinit$$00000023)
    .ARM.Collect$$libinit$$00000025          0x000001a2   Section        0  libinit2.o(.ARM.Collect$$libinit$$00000025)
    .ARM.Collect$$libinit$$0000002C          0x000001a2   Section        0  libinit2.o(.ARM.Collect$$libinit$$0000002C)
    .ARM.Collect$$libinit$$0000002E          0x000001a2   Section        0  libinit2.o(.ARM.Collect$$libinit$$0000002E)
    .ARM.Collect$$libinit$$00000030          0x000001a2   Section        0  libinit2.o(.ARM.Collect$$libinit$$00000030)
    .ARM.Collect$$libinit$$00000032          0x000001a2   Section        0  libinit2.o(.ARM.Collect$$libinit$$00000032)
    .ARM.Collect$$libinit$$00000033          0x000001a2   Section        2  libinit2.o(.ARM.Collect$$libinit$$00000033)
    .ARM.Collect$$libshutdown$$00000000      0x000001a4   Section        2  libshutdown.o(.ARM.Collect$$libshutdown$$00000000)
    .ARM.Collect$$libshutdown$$00000002      0x000001a6   Section        0  libshutdown2.o(.ARM.Collect$$libshutdown$$00000002)
    .ARM.Collect$$libshutdown$$00000004      0x000001a6   Section        0  libshutdown2.o(.ARM.Collect$$libshutdown$$00000004)
    .ARM.Collect$$libshutdown$$00000007      0x000001a6   Section        0  libshutdown2.o(.ARM.Collect$$libshutdown$$00000007)
    .ARM.Collect$$libshutdown$$0000000A      0x000001a6   Section        0  libshutdown2.o(.ARM.Collect$$libshutdown$$0000000A)
    .ARM.Collect$$libshutdown$$0000000C      0x000001a6   Section        0  libshutdown2.o(.ARM.Collect$$libshutdown$$0000000C)
    .ARM.Collect$$libshutdown$$0000000F      0x000001a6   Section        0  libshutdown2.o(.ARM.Collect$$libshutdown$$0000000F)
    .ARM.Collect$$libshutdown$$00000010      0x000001a6   Section        2  libshutdown2.o(.ARM.Collect$$libshutdown$$00000010)
    .ARM.Collect$$rtentry$$00000000          0x000001a8   Section        0  __rtentry.o(.ARM.Collect$$rtentry$$00000000)
    .ARM.Collect$$rtentry$$00000002          0x000001a8   Section        0  __rtentry2.o(.ARM.Collect$$rtentry$$00000002)
    .ARM.Collect$$rtentry$$00000004          0x000001a8   Section        6  __rtentry4.o(.ARM.Collect$$rtentry$$00000004)
    .ARM.Collect$$rtentry$$00000009          0x000001ae   Section        0  __rtentry2.o(.ARM.Collect$$rtentry$$00000009)
    .ARM.Collect$$rtentry$$0000000A          0x000001ae   Section        4  __rtentry2.o(.ARM.Collect$$rtentry$$0000000A)
    .ARM.Collect$$rtentry$$0000000C          0x000001b2   Section        0  __rtentry2.o(.ARM.Collect$$rtentry$$0000000C)
    .ARM.Collect$$rtentry$$0000000D          0x000001b2   Section        8  __rtentry2.o(.ARM.Collect$$rtentry$$0000000D)
    .ARM.Collect$$rtexit$$00000000           0x000001ba   Section        2  rtexit.o(.ARM.Collect$$rtexit$$00000000)
    .ARM.Collect$$rtexit$$00000002           0x000001bc   Section        0  rtexit2.o(.ARM.Collect$$rtexit$$00000002)
    .ARM.Collect$$rtexit$$00000003           0x000001bc   Section        4  rtexit2.o(.ARM.Collect$$rtexit$$00000003)
    .ARM.Collect$$rtexit$$00000004           0x000001c0   Section        6  rtexit2.o(.ARM.Collect$$rtexit$$00000004)
    $v0                                      0x000001c8   Number         0  startup_msp432p4111_uvision.o(.text)
    .text                                    0x000001c8   Section       60  startup_msp432p4111_uvision.o(.text)
    .text                                    0x00000204   Section        0  heapauxi.o(.text)
    .text                                    0x0000020a   Section       74  sys_stackheap_outer.o(.text)
    .text                                    0x00000254   Section        0  exit.o(.text)
    .text                                    0x00000268   Section        8  libspace.o(.text)
    .text                                    0x00000270   Section        0  sys_exit.o(.text)
    .text                                    0x0000027c   Section        2  use_no_semi.o(.text)
    .text                                    0x0000027e   Section        0  indicate_semi.o(.text)
    [Anonymous Symbol]                       0x00000280   Section        0  main.o(.text.PORT1_IRQHandler)
    [Anonymous Symbol]                       0x000002fc   Section        0  system_msp432p4111.o(.text.SystemInit)
    [Anonymous Symbol]                       0x0000037c   Section        0  main.o(.text.T32_INT1_IRQHandler)
    [Anonymous Symbol]                       0x0000039c   Section        0  main.o(.text.TA0_N_IRQHandler)
    __NVIC_ClearPendingIRQ                   0x000003dd   Thumb Code    32  main.o(.text.__NVIC_ClearPendingIRQ)
    [Anonymous Symbol]                       0x000003dc   Section        0  main.o(.text.__NVIC_ClearPendingIRQ)
    __NVIC_EnableIRQ                         0x000003fd   Thumb Code    32  main.o(.text.__NVIC_EnableIRQ)
    [Anonymous Symbol]                       0x000003fc   Section        0  main.o(.text.__NVIC_EnableIRQ)
    __NVIC_SetPriority                       0x0000041d   Thumb Code    16  main.o(.text.__NVIC_SetPriority)
    [Anonymous Symbol]                       0x0000041c   Section        0  main.o(.text.__NVIC_SetPriority)
    [Anonymous Symbol]                       0x0000042c   Section        0  main.o(.text.main)
    $v0                                      0x00000598   Number         0  fpinit.o(x$fpl$fpinit)
    x$fpl$fpinit                             0x00000598   Section       26  fpinit.o(x$fpl$fpinit)
    .bss                                     0x20000000   Section       96  libspace.o(.bss)
    TA0_N_IRQHandler.counter                 0x20000060   Data           1  main.o(.bss.TA0_N_IRQHandler.counter)
    [Anonymous Symbol]                       0x20000060   Section        0  main.o(.bss.TA0_N_IRQHandler.counter)
    Heap_Mem                                 0x20000068   Data           0  startup_msp432p4111_uvision.o(HEAP)
    Stack_Mem                                0x20000068   Data         512  startup_msp432p4111_uvision.o(STACK)
    HEAP                                     0x20000068   Section        0  startup_msp432p4111_uvision.o(HEAP)
    STACK                                    0x20000068   Section      512  startup_msp432p4111_uvision.o(STACK)
    __initial_sp                             0x20000268   Data           0  startup_msp432p4111_uvision.o(STACK)

    Global Symbols

    Symbol Name                              Value     Ov Type        Size  Object(Section)

    BuildAttributes$$THM_ISAv4$E$P$D$K$B$S$7EM$VFPi3$EXTD16$VFPS$VFMA$PE$A:L22UL41UL21$X:L11$S22US41US21$IEEE1$IW$~IW$USESV6$~STKCKD$USESV7$~SHL$OTIME$ROPI$EBA8$UX$STANDARDLIB$REQ8$PRES8$EABIv2 0x00000000   Number         0  anon$$obj.o ABSOLUTE
    __Vectors                                0x00000000   Data           4  startup_msp432p4111_uvision.o(RESET)
    __ARM_exceptions_init                     - Undefined Weak Reference
    __alloca_initialize                       - Undefined Weak Reference
    __arm_preinit_                            - Undefined Weak Reference
    __cpp_initialize__aeabi_                  - Undefined Weak Reference
    __cxa_finalize                            - Undefined Weak Reference
    __rt_locale                               - Undefined Weak Reference
    __sigvec_lookup                           - Undefined Weak Reference
    _atexit_init                              - Undefined Weak Reference
    _call_atexit_fns                          - Undefined Weak Reference
    _clock_init                               - Undefined Weak Reference
    _fp_trap_init                             - Undefined Weak Reference
    _fp_trap_shutdown                         - Undefined Weak Reference
    _get_lc_collate                           - Undefined Weak Reference
    _get_lc_ctype                             - Undefined Weak Reference
    _get_lc_monetary                          - Undefined Weak Reference
    _get_lc_numeric                           - Undefined Weak Reference
    _get_lc_time                              - Undefined Weak Reference
    _getenv_init                              - Undefined Weak Reference
    _handle_redirection                       - Undefined Weak Reference
    _init_alloc                               - Undefined Weak Reference
    _init_user_alloc                          - Undefined Weak Reference
    _initio                                   - Undefined Weak Reference
    _rand_init                                - Undefined Weak Reference
    _signal_finish                            - Undefined Weak Reference
    _signal_init                              - Undefined Weak Reference
    _terminate_alloc                          - Undefined Weak Reference
    _terminate_user_alloc                     - Undefined Weak Reference
    _terminateio                              - Undefined Weak Reference
    __Vectors_End                            0x00000144   Data           0  startup_msp432p4111_uvision.o(RESET)
    __Vectors_Size                           0x00000144   Number         0  startup_msp432p4111_uvision.o ABSOLUTE
    __main                                   0x00000145   Thumb Code     8  __main.o(!!!main)
    __scatterload                            0x0000014d   Thumb Code     0  __scatter.o(!!!scatter)
    __scatterload_rt2                        0x0000014d   Thumb Code    44  __scatter.o(!!!scatter)
    __scatterload_rt2_thumb_only             0x0000014d   Thumb Code     0  __scatter.o(!!!scatter)
    __scatterload_null                       0x0000015b   Thumb Code     0  __scatter.o(!!!scatter)
    __scatterload_zeroinit                   0x00000181   Thumb Code    28  __scatter_zi.o(!!handler_zi)
    __rt_lib_init                            0x0000019d   Thumb Code     0  libinit.o(.ARM.Collect$$libinit$$00000000)
    __rt_lib_init_fp_1                       0x0000019f   Thumb Code     0  libinit2.o(.ARM.Collect$$libinit$$00000001)
    __rt_lib_init_alloca_1                   0x000001a3   Thumb Code     0  libinit2.o(.ARM.Collect$$libinit$$0000002E)
    __rt_lib_init_argv_1                     0x000001a3   Thumb Code     0  libinit2.o(.ARM.Collect$$libinit$$0000002C)
    __rt_lib_init_atexit_1                   0x000001a3   Thumb Code     0  libinit2.o(.ARM.Collect$$libinit$$0000001B)
    __rt_lib_init_clock_1                    0x000001a3   Thumb Code     0  libinit2.o(.ARM.Collect$$libinit$$00000021)
    __rt_lib_init_cpp_1                      0x000001a3   Thumb Code     0  libinit2.o(.ARM.Collect$$libinit$$00000032)
    __rt_lib_init_exceptions_1               0x000001a3   Thumb Code     0  libinit2.o(.ARM.Collect$$libinit$$00000030)
    __rt_lib_init_fp_trap_1                  0x000001a3   Thumb Code     0  libinit2.o(.ARM.Collect$$libinit$$0000001F)
    __rt_lib_init_getenv_1                   0x000001a3   Thumb Code     0  libinit2.o(.ARM.Collect$$libinit$$00000023)
    __rt_lib_init_heap_1                     0x000001a3   Thumb Code     0  libinit2.o(.ARM.Collect$$libinit$$0000000A)
    __rt_lib_init_lc_collate_1               0x000001a3   Thumb Code     0  libinit2.o(.ARM.Collect$$libinit$$00000011)
    __rt_lib_init_lc_ctype_1                 0x000001a3   Thumb Code     0  libinit2.o(.ARM.Collect$$libinit$$00000013)
    __rt_lib_init_lc_monetary_1              0x000001a3   Thumb Code     0  libinit2.o(.ARM.Collect$$libinit$$00000015)
    __rt_lib_init_lc_numeric_1               0x000001a3   Thumb Code     0  libinit2.o(.ARM.Collect$$libinit$$00000017)
    __rt_lib_init_lc_time_1                  0x000001a3   Thumb Code     0  libinit2.o(.ARM.Collect$$libinit$$00000019)
    __rt_lib_init_preinit_1                  0x000001a3   Thumb Code     0  libinit2.o(.ARM.Collect$$libinit$$00000004)
    __rt_lib_init_rand_1                     0x000001a3   Thumb Code     0  libinit2.o(.ARM.Collect$$libinit$$0000000E)
    __rt_lib_init_return                     0x000001a3   Thumb Code     0  libinit2.o(.ARM.Collect$$libinit$$00000033)
    __rt_lib_init_signal_1                   0x000001a3   Thumb Code     0  libinit2.o(.ARM.Collect$$libinit$$0000001D)
    __rt_lib_init_stdio_1                    0x000001a3   Thumb Code     0  libinit2.o(.ARM.Collect$$libinit$$00000025)
    __rt_lib_init_user_alloc_1               0x000001a3   Thumb Code     0  libinit2.o(.ARM.Collect$$libinit$$0000000C)
    __rt_lib_shutdown                        0x000001a5   Thumb Code     0  libshutdown.o(.ARM.Collect$$libshutdown$$00000000)
    __rt_lib_shutdown_cpp_1                  0x000001a7   Thumb Code     0  libshutdown2.o(.ARM.Collect$$libshutdown$$00000002)
    __rt_lib_shutdown_fp_trap_1              0x000001a7   Thumb Code     0  libshutdown2.o(.ARM.Collect$$libshutdown$$00000007)
    __rt_lib_shutdown_heap_1                 0x000001a7   Thumb Code     0  libshutdown2.o(.ARM.Collect$$libshutdown$$0000000F)
    __rt_lib_shutdown_return                 0x000001a7   Thumb Code     0  libshutdown2.o(.ARM.Collect$$libshutdown$$00000010)
    __rt_lib_shutdown_signal_1               0x000001a7   Thumb Code     0  libshutdown2.o(.ARM.Collect$$libshutdown$$0000000A)
    __rt_lib_shutdown_stdio_1                0x000001a7   Thumb Code     0  libshutdown2.o(.ARM.Collect$$libshutdown$$00000004)
    __rt_lib_shutdown_user_alloc_1           0x000001a7   Thumb Code     0  libshutdown2.o(.ARM.Collect$$libshutdown$$0000000C)
    __rt_entry                               0x000001a9   Thumb Code     0  __rtentry.o(.ARM.Collect$$rtentry$$00000000)
    __rt_entry_presh_1                       0x000001a9   Thumb Code     0  __rtentry2.o(.ARM.Collect$$rtentry$$00000002)
    __rt_entry_sh                            0x000001a9   Thumb Code     0  __rtentry4.o(.ARM.Collect$$rtentry$$00000004)
    __rt_entry_li                            0x000001af   Thumb Code     0  __rtentry2.o(.ARM.Collect$$rtentry$$0000000A)
    __rt_entry_postsh_1                      0x000001af   Thumb Code     0  __rtentry2.o(.ARM.Collect$$rtentry$$00000009)
    __rt_entry_main                          0x000001b3   Thumb Code     0  __rtentry2.o(.ARM.Collect$$rtentry$$0000000D)
    __rt_entry_postli_1                      0x000001b3   Thumb Code     0  __rtentry2.o(.ARM.Collect$$rtentry$$0000000C)
    __rt_exit                                0x000001bb   Thumb Code     0  rtexit.o(.ARM.Collect$$rtexit$$00000000)
    __rt_exit_ls                             0x000001bd   Thumb Code     0  rtexit2.o(.ARM.Collect$$rtexit$$00000003)
    __rt_exit_prels_1                        0x000001bd   Thumb Code     0  rtexit2.o(.ARM.Collect$$rtexit$$00000002)
    __rt_exit_exit                           0x000001c1   Thumb Code     0  rtexit2.o(.ARM.Collect$$rtexit$$00000004)
    Reset_Handler                            0x000001c9   Thumb Code     8  startup_msp432p4111_uvision.o(.text)
    NMI_Handler                              0x000001d1   Thumb Code     2  startup_msp432p4111_uvision.o(.text)
    HardFault_Handler                        0x000001d3   Thumb Code     2  startup_msp432p4111_uvision.o(.text)
    MemManage_Handler                        0x000001d5   Thumb Code     2  startup_msp432p4111_uvision.o(.text)
    BusFault_Handler                         0x000001d7   Thumb Code     2  startup_msp432p4111_uvision.o(.text)
    UsageFault_Handler                       0x000001d9   Thumb Code     2  startup_msp432p4111_uvision.o(.text)
    SVC_Handler                              0x000001db   Thumb Code     2  startup_msp432p4111_uvision.o(.text)
    DebugMon_Handler                         0x000001dd   Thumb Code     2  startup_msp432p4111_uvision.o(.text)
    PendSV_Handler                           0x000001df   Thumb Code     2  startup_msp432p4111_uvision.o(.text)
    SysTick_Handler                          0x000001e1   Thumb Code     2  startup_msp432p4111_uvision.o(.text)
    ADC14_IRQHandler                         0x000001e3   Thumb Code     0  startup_msp432p4111_uvision.o(.text)
    AES256_IRQHandler                        0x000001e3   Thumb Code     0  startup_msp432p4111_uvision.o(.text)
    COMP_E0_IRQHandler                       0x000001e3   Thumb Code     0  startup_msp432p4111_uvision.o(.text)
    COMP_E1_IRQHandler                       0x000001e3   Thumb Code     0  startup_msp432p4111_uvision.o(.text)
    CS_IRQHandler                            0x000001e3   Thumb Code     0  startup_msp432p4111_uvision.o(.text)
    DMA_ERR_IRQHandler                       0x000001e3   Thumb Code     0  startup_msp432p4111_uvision.o(.text)
    DMA_INT0_IRQHandler                      0x000001e3   Thumb Code     0  startup_msp432p4111_uvision.o(.text)
    DMA_INT1_IRQHandler                      0x000001e3   Thumb Code     0  startup_msp432p4111_uvision.o(.text)
    DMA_INT2_IRQHandler                      0x000001e3   Thumb Code     0  startup_msp432p4111_uvision.o(.text)
    DMA_INT3_IRQHandler                      0x000001e3   Thumb Code     0  startup_msp432p4111_uvision.o(.text)
    EUSCIA0_IRQHandler                       0x000001e3   Thumb Code     0  startup_msp432p4111_uvision.o(.text)
    EUSCIA1_IRQHandler                       0x000001e3   Thumb Code     0  startup_msp432p4111_uvision.o(.text)
    EUSCIA2_IRQHandler                       0x000001e3   Thumb Code     0  startup_msp432p4111_uvision.o(.text)
    EUSCIA3_IRQHandler                       0x000001e3   Thumb Code     0  startup_msp432p4111_uvision.o(.text)
    EUSCIB0_IRQHandler                       0x000001e3   Thumb Code     0  startup_msp432p4111_uvision.o(.text)
    EUSCIB1_IRQHandler                       0x000001e3   Thumb Code     0  startup_msp432p4111_uvision.o(.text)
    EUSCIB2_IRQHandler                       0x000001e3   Thumb Code     0  startup_msp432p4111_uvision.o(.text)
    EUSCIB3_IRQHandler                       0x000001e3   Thumb Code     0  startup_msp432p4111_uvision.o(.text)
    FLCTL_A_IRQHandler                       0x000001e3   Thumb Code     0  startup_msp432p4111_uvision.o(.text)
    FPU_IRQHandler                           0x000001e3   Thumb Code     0  startup_msp432p4111_uvision.o(.text)
    LCD_F_IRQHandler                         0x000001e3   Thumb Code     0  startup_msp432p4111_uvision.o(.text)
    PCM_IRQHandler                           0x000001e3   Thumb Code     0  startup_msp432p4111_uvision.o(.text)
    PORT2_IRQHandler                         0x000001e3   Thumb Code     0  startup_msp432p4111_uvision.o(.text)
    PORT3_IRQHandler                         0x000001e3   Thumb Code     0  startup_msp432p4111_uvision.o(.text)
    PORT4_IRQHandler                         0x000001e3   Thumb Code     0  startup_msp432p4111_uvision.o(.text)
    PORT5_IRQHandler                         0x000001e3   Thumb Code     0  startup_msp432p4111_uvision.o(.text)
    PORT6_IRQHandler                         0x000001e3   Thumb Code     0  startup_msp432p4111_uvision.o(.text)
    PSS_IRQHandler                           0x000001e3   Thumb Code     0  startup_msp432p4111_uvision.o(.text)
    RTC_C_IRQHandler                         0x000001e3   Thumb Code     0  startup_msp432p4111_uvision.o(.text)
    T32_INT2_IRQHandler                      0x000001e3   Thumb Code     0  startup_msp432p4111_uvision.o(.text)
    T32_INTC_IRQHandler                      0x000001e3   Thumb Code     0  startup_msp432p4111_uvision.o(.text)
    TA0_0_IRQHandler                         0x000001e3   Thumb Code     0  startup_msp432p4111_uvision.o(.text)
    TA1_0_IRQHandler                         0x000001e3   Thumb Code     0  startup_msp432p4111_uvision.o(.text)
    TA1_N_IRQHandler                         0x000001e3   Thumb Code     0  startup_msp432p4111_uvision.o(.text)
    TA2_0_IRQHandler                         0x000001e3   Thumb Code     0  startup_msp432p4111_uvision.o(.text)
    TA2_N_IRQHandler                         0x000001e3   Thumb Code     0  startup_msp432p4111_uvision.o(.text)
    TA3_0_IRQHandler                         0x000001e3   Thumb Code     0  startup_msp432p4111_uvision.o(.text)
    TA3_N_IRQHandler                         0x000001e3   Thumb Code     0  startup_msp432p4111_uvision.o(.text)
    WDT_A_IRQHandler                         0x000001e3   Thumb Code     0  startup_msp432p4111_uvision.o(.text)
    __user_initial_stackheap                 0x000001e5   Thumb Code    10  startup_msp432p4111_uvision.o(.text)
    __use_two_region_memory                  0x00000205   Thumb Code     2  heapauxi.o(.text)
    __rt_heap_escrow$2region                 0x00000207   Thumb Code     2  heapauxi.o(.text)
    __rt_heap_expand$2region                 0x00000209   Thumb Code     2  heapauxi.o(.text)
    __user_setup_stackheap                   0x0000020b   Thumb Code    74  sys_stackheap_outer.o(.text)
    exit                                     0x00000255   Thumb Code    18  exit.o(.text)
    __user_libspace                          0x00000269   Thumb Code     8  libspace.o(.text)
    __user_perproc_libspace                  0x00000269   Thumb Code     0  libspace.o(.text)
    __user_perthread_libspace                0x00000269   Thumb Code     0  libspace.o(.text)
    _sys_exit                                0x00000271   Thumb Code     8  sys_exit.o(.text)
    __I$use$semihosting                      0x0000027d   Thumb Code     0  use_no_semi.o(.text)
    __use_no_semihosting_swi                 0x0000027d   Thumb Code     2  use_no_semi.o(.text)
    __semihosting_library_function           0x0000027f   Thumb Code     0  indicate_semi.o(.text)
    PORT1_IRQHandler                         0x00000281   Thumb Code   124  main.o(.text.PORT1_IRQHandler)
    SystemInit                               0x000002fd   Thumb Code   126  system_msp432p4111.o(.text.SystemInit)
    T32_INT1_IRQHandler                      0x0000037d   Thumb Code    30  main.o(.text.T32_INT1_IRQHandler)
    TA0_N_IRQHandler                         0x0000039d   Thumb Code    64  main.o(.text.TA0_N_IRQHandler)
    main                                     0x0000042d   Thumb Code   364  main.o(.text.main)
    _fp_init                                 0x00000599   Thumb Code    26  fpinit.o(x$fpl$fpinit)
    __fplib_config_fpu_vfp                   0x000005b1   Thumb Code     0  fpinit.o(x$fpl$fpinit)
    __fplib_config_pureend_doubles           0x000005b1   Thumb Code     0  fpinit.o(x$fpl$fpinit)
    Region$$Table$$Base                      0x000005b4   Number         0  anon$$obj.o(Region$$Table)
    Region$$Table$$Limit                     0x000005c4   Number         0  anon$$obj.o(Region$$Table)
    __libspace_start                         0x20000000   Data          96  libspace.o(.bss)
    __temporary_stack_top$libspace           0x20000060   Data           0  libspace.o(.bss)



==============================================================================

Memory Map of the image

  Image Entry point : 0x000001c9

  Load Region LR_1 (Base: 0x00000000, Size: 0x000005c4, Max: 0xffffffff, ABSOLUTE)

    Execution Region ER_RO (Exec base: 0x00000000, Load base: 0x00000000, Size: 0x000005c4, Max: 0xffffffff, ABSOLUTE)

    Exec Addr    Load Addr    Size         Type   Attr      Idx    E Section Name        Object

    0x00000000   0x00000000   0x00000144   Data   RO           27    RESET               startup_msp432p4111_uvision.o
    0x00000144   0x00000144   0x00000008   Code   RO           51  * !!!main             c_w.l(__main.o)
    0x0000014c   0x0000014c   0x00000034   Code   RO          214    !!!scatter          c_w.l(__scatter.o)
    0x00000180   0x00000180   0x0000001c   Code   RO          216    !!handler_zi        c_w.l(__scatter_zi.o)
    0x0000019c   0x0000019c   0x00000002   Code   RO           78    .ARM.Collect$$libinit$$00000000  c_w.l(libinit.o)
    0x0000019e   0x0000019e   0x00000004   Code   RO           84    .ARM.Collect$$libinit$$00000001  c_w.l(libinit2.o)
    0x000001a2   0x000001a2   0x00000000   Code   RO           87    .ARM.Collect$$libinit$$00000004  c_w.l(libinit2.o)
    0x000001a2   0x000001a2   0x00000000   Code   RO           90    .ARM.Collect$$libinit$$0000000A  c_w.l(libinit2.o)
    0x000001a2   0x000001a2   0x00000000   Code   RO           92    .ARM.Collect$$libinit$$0000000C  c_w.l(libinit2.o)
    0x000001a2   0x000001a2   0x00000000   Code   RO           94    .ARM.Collect$$libinit$$0000000E  c_w.l(libinit2.o)
    0x000001a2   0x000001a2   0x00000000   Code   RO           97    .ARM.Collect$$libinit$$00000011  c_w.l(libinit2.o)
    0x000001a2   0x000001a2   0x00000000   Code   RO           99    .ARM.Collect$$libinit$$00000013  c_w.l(libinit2.o)
    0x000001a2   0x000001a2   0x00000000   Code   RO          101    .ARM.Collect$$libinit$$00000015  c_w.l(libinit2.o)
    0x000001a2   0x000001a2   0x00000000   Code   RO          103    .ARM.Collect$$libinit$$00000017  c_w.l(libinit2.o)
    0x000001a2   0x000001a2   0x00000000   Code   RO          105    .ARM.Collect$$libinit$$00000019  c_w.l(libinit2.o)
    0x000001a2   0x000001a2   0x00000000   Code   RO          107    .ARM.Collect$$libinit$$0000001B  c_w.l(libinit2.o)
    0x000001a2   0x000001a2   0x00000000   Code   RO          109    .ARM.Collect$$libinit$$0000001D  c_w.l(libinit2.o)
    0x000001a2   0x000001a2   0x00000000   Code   RO          111    .ARM.Collect$$libinit$$0000001F  c_w.l(libinit2.o)
    0x000001a2   0x000001a2   0x00000000   Code   RO          113    .ARM.Collect$$libinit$$00000021  c_w.l(libinit2.o)
    0x000001a2   0x000001a2   0x00000000   Code   RO          115    .ARM.Collect$$libinit$$00000023  c_w.l(libinit2.o)
    0x000001a2   0x000001a2   0x00000000   Code   RO          117    .ARM.Collect$$libinit$$00000025  c_w.l(libinit2.o)
    0x000001a2   0x000001a2   0x00000000   Code   RO          121    .ARM.Collect$$libinit$$0000002C  c_w.l(libinit2.o)
    0x000001a2   0x000001a2   0x00000000   Code   RO          123    .ARM.Collect$$libinit$$0000002E  c_w.l(libinit2.o)
    0x000001a2   0x000001a2   0x00000000   Code   RO          125    .ARM.Collect$$libinit$$00000030  c_w.l(libinit2.o)
    0x000001a2   0x000001a2   0x00000000   Code   RO          127    .ARM.Collect$$libinit$$00000032  c_w.l(libinit2.o)
    0x000001a2   0x000001a2   0x00000002   Code   RO          128    .ARM.Collect$$libinit$$00000033  c_w.l(libinit2.o)
    0x000001a4   0x000001a4   0x00000002   Code   RO          150    .ARM.Collect$$libshutdown$$00000000  c_w.l(libshutdown.o)
    0x000001a6   0x000001a6   0x00000000   Code   RO          165    .ARM.Collect$$libshutdown$$00000002  c_w.l(libshutdown2.o)
    0x000001a6   0x000001a6   0x00000000   Code   RO          167    .ARM.Collect$$libshutdown$$00000004  c_w.l(libshutdown2.o)
    0x000001a6   0x000001a6   0x00000000   Code   RO          170    .ARM.Collect$$libshutdown$$00000007  c_w.l(libshutdown2.o)
    0x000001a6   0x000001a6   0x00000000   Code   RO          173    .ARM.Collect$$libshutdown$$0000000A  c_w.l(libshutdown2.o)
    0x000001a6   0x000001a6   0x00000000   Code   RO          175    .ARM.Collect$$libshutdown$$0000000C  c_w.l(libshutdown2.o)
    0x000001a6   0x000001a6   0x00000000   Code   RO          178    .ARM.Collect$$libshutdown$$0000000F  c_w.l(libshutdown2.o)
    0x000001a6   0x000001a6   0x00000002   Code   RO          179    .ARM.Collect$$libshutdown$$00000010  c_w.l(libshutdown2.o)
    0x000001a8   0x000001a8   0x00000000   Code   RO           53    .ARM.Collect$$rtentry$$00000000  c_w.l(__rtentry.o)
    0x000001a8   0x000001a8   0x00000000   Code   RO           55    .ARM.Collect$$rtentry$$00000002  c_w.l(__rtentry2.o)
    0x000001a8   0x000001a8   0x00000006   Code   RO           67    .ARM.Collect$$rtentry$$00000004  c_w.l(__rtentry4.o)
    0x000001ae   0x000001ae   0x00000000   Code   RO           57    .ARM.Collect$$rtentry$$00000009  c_w.l(__rtentry2.o)
    0x000001ae   0x000001ae   0x00000004   Code   RO           58    .ARM.Collect$$rtentry$$0000000A  c_w.l(__rtentry2.o)
    0x000001b2   0x000001b2   0x00000000   Code   RO           60    .ARM.Collect$$rtentry$$0000000C  c_w.l(__rtentry2.o)
    0x000001b2   0x000001b2   0x00000008   Code   RO           61    .ARM.Collect$$rtentry$$0000000D  c_w.l(__rtentry2.o)
    0x000001ba   0x000001ba   0x00000002   Code   RO           82    .ARM.Collect$$rtexit$$00000000  c_w.l(rtexit.o)
    0x000001bc   0x000001bc   0x00000000   Code   RO          130    .ARM.Collect$$rtexit$$00000002  c_w.l(rtexit2.o)
    0x000001bc   0x000001bc   0x00000004   Code   RO          131    .ARM.Collect$$rtexit$$00000003  c_w.l(rtexit2.o)
    0x000001c0   0x000001c0   0x00000006   Code   RO          132    .ARM.Collect$$rtexit$$00000004  c_w.l(rtexit2.o)
    0x000001c6   0x000001c6   0x00000002   PAD
    0x000001c8   0x000001c8   0x0000003c   Code   RO           28  * .text               startup_msp432p4111_uvision.o
    0x00000204   0x00000204   0x00000006   Code   RO           49    .text               c_w.l(heapauxi.o)
    0x0000020a   0x0000020a   0x0000004a   Code   RO           69    .text               c_w.l(sys_stackheap_outer.o)
    0x00000254   0x00000254   0x00000012   Code   RO           71    .text               c_w.l(exit.o)
    0x00000266   0x00000266   0x00000002   PAD
    0x00000268   0x00000268   0x00000008   Code   RO           79    .text               c_w.l(libspace.o)
    0x00000270   0x00000270   0x0000000c   Code   RO          140    .text               c_w.l(sys_exit.o)
    0x0000027c   0x0000027c   0x00000002   Code   RO          155    .text               c_w.l(use_no_semi.o)
    0x0000027e   0x0000027e   0x00000000   Code   RO          157    .text               c_w.l(indicate_semi.o)
    0x0000027e   0x0000027e   0x00000002   PAD
    0x00000280   0x00000280   0x0000007c   Code   RO           10    .text.PORT1_IRQHandler  main.o
    0x000002fc   0x000002fc   0x0000007e   Code   RO           37    .text.SystemInit    system_msp432p4111.o
    0x0000037a   0x0000037a   0x00000002   PAD
    0x0000037c   0x0000037c   0x0000001e   Code   RO           12    .text.T32_INT1_IRQHandler  main.o
    0x0000039a   0x0000039a   0x00000002   PAD
    0x0000039c   0x0000039c   0x00000040   Code   RO           14    .text.TA0_N_IRQHandler  main.o
    0x000003dc   0x000003dc   0x00000020   Code   RO            4    .text.__NVIC_ClearPendingIRQ  main.o
    0x000003fc   0x000003fc   0x00000020   Code   RO            8    .text.__NVIC_EnableIRQ  main.o
    0x0000041c   0x0000041c   0x00000010   Code   RO            6    .text.__NVIC_SetPriority  main.o
    0x0000042c   0x0000042c   0x0000016c   Code   RO            2    .text.main          main.o
    0x00000598   0x00000598   0x0000001a   Code   RO          138    x$fpl$fpinit        fz_wm.l(fpinit.o)
    0x000005b2   0x000005b2   0x00000002   PAD
    0x000005b4   0x000005b4   0x00000010   Data   RO          213    Region$$Table       anon$$obj.o


    Execution Region ER_RW (Exec base: 0x20000000, Load base: 0x000005c4, Size: 0x00000000, Max: 0xffffffff, ABSOLUTE)

    **** No section assigned to this execution region ****


    Execution Region ER_ZI (Exec base: 0x20000000, Load base: 0x000005c4, Size: 0x00000268, Max: 0xffffffff, ABSOLUTE)

    Exec Addr    Load Addr    Size         Type   Attr      Idx    E Section Name        Object

    0x20000000        -       0x00000060   Zero   RW           80    .bss                c_w.l(libspace.o)
    0x20000060        -       0x00000001   Zero   RW           16    .bss.TA0_N_IRQHandler.counter  main.o
    0x20000061   0x000005c4   0x00000007   PAD
    0x20000068        -       0x00000000   Zero   RW           26    HEAP                startup_msp432p4111_uvision.o
    0x20000068        -       0x00000200   Zero   RW           25    STACK               startup_msp432p4111_uvision.o


==============================================================================

Image component sizes


      Code (inc. data)   RO Data    RW Data    ZI Data      Debug   Object Name

       662          0          0          0          1       5356   main.o
        60         22        324          0        512        984   startup_msp432p4111_uvision.o
       126          0          0          0          0       8067   system_msp432p4111.o

    ----------------------------------------------------------------------
       852         22        340          0        520      14407   Object Totals
         0          0         16          0          0          0   (incl. Generated)
         4          0          0          0          7          0   (incl. Padding)

    ----------------------------------------------------------------------

      Code (inc. data)   RO Data    RW Data    ZI Data      Debug   Library Member Name

         8          0          0          0          0         68   __main.o
         0          0          0          0          0          0   __rtentry.o
        12          0          0          0          0          0   __rtentry2.o
         6          0          0          0          0          0   __rtentry4.o
        52          8          0          0          0          0   __scatter.o
        28          0          0          0          0          0   __scatter_zi.o
        18          0          0          0          0         80   exit.o
         6          0          0          0          0        152   heapauxi.o
         0          0          0          0          0          0   indicate_semi.o
         2          0          0          0          0          0   libinit.o
         6          0          0          0          0          0   libinit2.o
         2          0          0          0          0          0   libshutdown.o
         2          0          0          0          0          0   libshutdown2.o
         8          4          0          0         96         68   libspace.o
         2          0          0          0          0          0   rtexit.o
        10          0          0          0          0          0   rtexit2.o
        12          4          0          0          0         68   sys_exit.o
        74          0          0          0          0         80   sys_stackheap_outer.o
         2          0          0          0          0         68   use_no_semi.o
        26          0          0          0          0        116   fpinit.o

    ----------------------------------------------------------------------
       284         16          0          0         96        700   Library Totals
         8          0          0          0          0          0   (incl. Padding)

    ----------------------------------------------------------------------

      Code (inc. data)   RO Data    RW Data    ZI Data      Debug   Library Name

       250         16          0          0         96        584   c_w.l
        26          0          0          0          0        116   fz_wm.l

    ----------------------------------------------------------------------
       284         16          0          0         96        700   Library Totals

    ----------------------------------------------------------------------

==============================================================================


      Code (inc. data)   RO Data    RW Data    ZI Data      Debug   

      1136         38        340          0        616      14863   Grand Totals
      1136         38        340          0        616      14863   ELF Image Totals
      1136         38        340          0          0          0   ROM Totals

==============================================================================

    Total RO  Size (Code + RO Data)                 1476 (   1.44kB)
    Total RW  Size (RW Data + ZI Data)               616 (   0.60kB)
    Total ROM Size (Code + RO Data + RW Data)       1476 (   1.44kB)

==============================================================================

